// Jest Snapshot v1, https://goo.gl/fbAQLP

exports[`FirstApp Debe hacer match con el snapshot 1`] = `
<div>
  <h1>
    Hola, soy Tomas
  </h1>
  <p />
  <p />
</div>
`;
